// Jest Snapshot v1, https://goo.gl/fbAQLP

exports[`Boticario test component should render the heading 1`] = `
<main
  class=""
>
  <h1>
    Boticario
  </h1>
</main>
`;
