// Jest Snapshot v1, https://goo.gl/fbAQLP

exports[`<Home /> should render the <Main /> component 1`] = `
<div
  class="styles__Wrapper-sc-7p697r-0"
>
  <div
    data-testid="main-component"
  />
</div>
`;
